pageObjects\CommonActionsPage.class
pageObjects\Events\EventSSOConfigurationPage.class
pojo\EventQuestionData.class
pojo\ReportDisplayFormat.class
pageObjects\Locations\LocationsPage.class
pageObjects\Accommodation\RoomTypesPage.class
pageObjects\Communication\EventEmailTemplateDetailsPage.class
pageObjects\Forms\VerifyPage.class
pageObjects\AccountSettings\SupplierPage.class
pageObjects\Sessions\SessionCatalogAdminPage.class
pageObjects\Sessions\SessionSetupPage.class
pageObjects\Appointments\AppointmentSearchPreferencesPage.class
pageObjects\EventSetup\TravelQuestionsPage.class
pageObjects\IFDataIntegration\CertainIntegrationsPage.class
pageObjects\SignalDataIntegration\OutboundFlowsListPage.class
pageObjects\IFDataIntegration\DataSourceList.class
pojo\SessionPageFilters.class
pageObjects\EventRegistrations\AttendeeOverviewPage.class
pageObjects\Implementation\SecuritySettingsPage.class
pojo\EmailTemplates.class
pageObjects\Forms\AppointmentsPage.class
pageObjects\Agenda\OtherPage.class
pageObjects\Reports\ReportFiltersPage.class
pojo\AddFormTravelData.class
pageObjects\EventConfigure\EventSalesforcePage.class
pageObjects\EventSetup\ConnectorsPage.class
pageObjects\Forms\FormPreviewPaymentPage.class
pageObjects\Implementation\SalesForceIntegrationPage.class
pageObjects\Travel\FlightPackagesPage.class
pojo\AddConnectionData.class
pageObjects\Agenda\AddAgendaPage.class
pageObjects\EloquaHomePage.class
pojo\ExportAgenda.class
pageObjects\Appointments\EditAppointmentTemplatesPage.class
pageObjects\Accommodation\NoMatchPage.class
pageObjects\Mobile\BasicSettingsPage.class
pojo\SessionFeeStructureData.class
pageObjects\Registration\ECommerceAccountDetailsPage.class
pageObjects\Sessions\SessionIndustriesPage.class
pojo\AddFormCustomHTMLData.class
pojo\AddNewRegistrationDataForGroup.class
pojo\RegistrationAgendaData.class
pageObjects\Registration\CustomProfileDataPage.class
pageObjects\ReviewerPortal\ReviewSessionsPage.class
pageObjects\SignalDataIntegration\ConnectionsPage.class
pageObjects\EventRegistrations\RegistrationAccommodationPage.class
pageObjects\Communication\EventInvoicesPage.class
pageObjects\Sessions\SessionJobFunctionsPage.class
pageObjects\Forms\AddFormPage.class
pageObjects\Events\EventDetailsPage.class
pageObjects\Management\SingleSignOnPage.class
pageObjects\Accommodation\HotelsPage.class
pojo\MobileSettingsData.class
pageObjects\Appointments\AppointmentTemplatesPage.class
pojo\AddAppointmentBlock.class
pojo\HotelData.class
pageObjects\Forms\AttendeeTypePage.class
pageObjects\Forms\AddlRegsPage.class
pageObjects\Events\EventDashboardPage.class
pageObjects\Mobile\TestAppPage.class
pageObjects\EventRegistrations\AttendeeProfilePage.class
pageObjects\Sessions\SessionImportPage.class
pojo\ShippingInfo.class
pageObjects\Groups\AssignGroupsPage.class
pageObjects\Management\OverviewPage.class
pageObjects\Forms\AccommodationsPage.class
pageObjects\Sessions\AddSession.class
pojo\RegistrationEmailData.class
pageObjects\Sessions\ReviewerPortalPage.class
pojo\Metrics.class
pageObjects\IFDataIntegration\ScheduleListPage.class
pageObjects\Registration\DataFormatPage.class
pageObjects\SignalDataIntegration\FilterPage.class
pojo\AddRolesData.class
pageObjects\Implementation\APIPage.class
pageObjects\SpeakerPortal\SpeakerPortalLoginPage.class
pojo\FlightPackageFormDetail.class
pageObjects\FormPost\FormPostPage.class
pageObjects\Implementation\ProductsPage.class
pojo\AppointmentTemplate.class
pageObjects\EventSetup\EventOverviewPage.class
pojo\GroupDetailsData.class
pageObjects\Speaker\AddSpeakerPage.class
pageObjects\Reports\ReportGroupsPage.class
pageObjects\Forms\FormPreviewConfirmPage.class
pojo\AddReviewer.class
pojo\ApprovalStatus.class
pageObjects\Mobile\AddNewListPage.class
pageObjects\Management\RolesPage.class
pageObjects\Appointments\AppointmentsOverviewPage.class
pojo\AddSessionTypesLevels.class
pageObjects\Forms\AgendaPage.class
pageObjects\Communication\EventCustomBlockDetailsPage.class
pojo\AddDestinationData.class
pojo\AddTags.class
pageObjects\Appointments\AppointmentPreferencesFormPage.class
pageObjects\Travel\FlightInventoryPage.class
pojo\EventEmailTemplate.class
pageObjects\Management\EditSSOConfigPage.class
pojo\AddCustomFieldFilterData.class
pojo\AddJobs.class
pageObjects\Accommodation\ImportPage.class
pageObjects\Forms\RotationsPage.class
pageObjects\PromoCode\PromoCodePage.class
pojo\Event.class
pageObjects\Accommodation\AccommodationImportPage.class
pageObjects\Management\AddSsoConfigPage.class
pageObjects\Sessions\AddReviewerPage.class
pageObjects\SignalDataIntegration\FlowsPage.class
pageObjects\EventWebsites\WebSitesPage.class
pageObjects\Reports\ReportHomePage.class
pojo\FlightInventory.class
pageObjects\Registration\RegistrationOverviewPage.class
pojo\CreateBadgeData.class
pageObjects\Communication\EventPrintableConfirmationPage.class
pageObjects\Groups\AddRegistrationForGroup.class
pageObjects\SpeakerPortal\MyTasksPage.class
pageObjects\Registration\PrintableConfirmationsPage.class
pojo\CreditCardData.class
pojo\AddFlowData.class
pageObjects\Forms\AddFormLogicPage.class
pageObjects\Accommodation\AccommodationBlockInformationPage.class
pageObjects\Forms\PaymentPage.class
pojo\AddSpeakerData.class
pageObjects\Appointments\AppointmentCalendarAssignmentPage.class
pojo\BillingInfo.class
pojo\AccommodationBlockInformation.class
pageObjects\Management\AddRolesPage.class
pageObjects\Forms\AgendaListPage.class
pageObjects\Sessions\AddNewCustomFields.class
pageObjects\EventSetup\CustomStatusesPage.class
pageObjects\Qualifications\RulesPage.class
pageObjects\Sessions\AddCustomFieldsPage.class
pojo\RecommendationStatus.class
pageObjects\Accommodation\ConfigurePage.class
pageObjects\Communication\EventInvoicesDetailsPage.class
pageObjects\Sessions\SessionReviewsPage.class
pageObjects\Appointments\AppointmentConfigurationPage.class
pageObjects\Groups\ReportGroupPage.class
pageObjects\Reports\ReportPage.class
pojo\CustomStatusData.class
pojo\SectionHeader.class
pageObjects\Sessions\SpeakerCatalogAdminPage.class
pojo\DocumentDetailsData.class
pageObjects\Accommodation\PendingPage.class
pageObjects\Forms\FormPreviewHomePage.class
pageObjects\Appointments\AppointmentSearchPage.class
pageObjects\Reports\ReportDisplayPage.class
pageObjects\Implementation\ProfileAnonymizationPage.class
pageObjects\Planning\BudgetPage.class
pageObjects\Events\EventOptionsPage.class
pageObjects\Sessions\SessionLayoutPage.class
pageObjects\SubAccount\SubAccountsPage.class
pojo\AddEventContactData.class
pojo\CustomQuestionDataSelect.class
pageObjects\Communication\EventDisplayRuleDetailsPage.class
pageObjects\Mobile\ContentPage.class
pageObjects\Accommodation\RoommatesPage.class
pojo\AddIFTestCaseDetails.class
pojo\AddDestinationDataInbound.class
pojo\AdditionalInfo.class
pageObjects\IFDataIntegration\ConnectionsPage.class
pageObjects\Forms\AddCustomHTMLSectionPage.class
pageObjects\Forms\FormListPage.class
pageObjects\Registration\EventCreationPage.class
pojo\AddConfig.class
pojo\FlightPackage.class
pojo\RetryData.class
pageObjects\Sessions\SpeakerCatalogPreviewPage.class
pageObjects\SpeakerPortal\MySessionsPage.class
pageObjects\FormPost\FormPostHistoryPage.class
pojo\AddFormLogicRulesPageData.class
pojo\AddFormEntryPageData.class
pojo\AddFormAddlRegsPageData.class
pageObjects\ReviewerPortal\ReviewerPortalLoginPage.class
pageObjects\QuickSearchPage.class
pojo\AppointmentForm.class
pageObjects\Agenda\ScheduledPage.class
pojo\AccountSettings.class
pageObjects\Agenda\AgendaPage.class
pageObjects\Communication\EventSpeakerEmailTemplateDetailsPage.class
pageObjects\SignalDataIntegration\AddOutboundFlowsPage.class
pageObjects\Travel\ImportTravelPage.class
pageObjects\Badges\BarcodesPage.class
pageObjects\Appointments\AppointmentSearchCalendarPage.class
pojo\AddPackageData.class
pageObjects\Mobile\EditListPage.class
dataprovider\TestData.class
pageObjects\EventRegistrations\AttendeeFinancialPage.class
pageObjects\EventRegistrations\RegistrationImportPage.class
pojo\LinkedInAppMappings.class
pojo\SubBlockData.class
pageObjects\Management\JobFunctionsPage.class
pojo\AppointmentTemplateDetails.class
pojo\AddIndustryData.class
pageObjects\CommonActionsPage$1.class
pojo\GeneralColorCodeData.class
pageObjects\Mobile\MobileHomePage.class
pageObjects\EventSetup\AttendeeTypePage.class
pageObjects\Sessions\SessionsListPage.class
pageObjects\Communication\EventUploadDocumentTemplatesDetailsPage.class
pageObjects\Agenda\FeeAndDiscountPage.class
pojo\FinancialData.class
pageObjects\Communication\EventPrintableConfirmationDetailsPage.class
pojo\FeeStructureData.class
pageObjects\Login\DashboardPage.class
pageObjects\IFDataIntegration\MetricsPage.class
pageObjects\Profiles\CreateProfilePage.class
pageObjects\Communication\EventDisplayRulePage.class
pageObjects\Groups\AddGroupPage.class
pojo\AddBarcodes.class
pojo\AddFormAgendaData.class
pageObjects\EventRegistrations\FinancialAdjustmentPage.class
pageObjects\Implementation\PrivacyCompliancePage.class
pageObjects\EventRegistrations\FinancialPaymentPage.class
pageObjects\Sessions\AttendeeListPage.class
pageObjects\Travel\ImportPreBookedFlightPage.class
pageObjects\Communication\EventPersonalDocumentDetailsPage.class
pageObjects\User\UserInformationPage.class
pageObjects\Management\TagsPage.class
pageObjects\Accommodation\SubBlocksPage.class
pageObjects\TestConnectionLinkedInPage.class
pageObjects\AXE$Builder.class
pageObjects\Implementation\AccountHistoryPage.class
pojo\AddSessionsFormsData.class
pageObjects\Forms\RegistrantDetailsPage.class
pageObjects\IFDataIntegration\AddInboundFlowsPage.class
pojo\AddFilterData.class
pageObjects\Mobile\DesignPage.class
pageObjects\Appointments\AppointmentFormPage.class
pageObjects\Management\IndustriesPage.class
pageObjects\Forms\EntryPage.class
pageObjects\EventRegistrations\RegistrationAgendaPage.class
pojo\GroupCustomFieldData.class
pojo\ReportPrintSettings.class
pageObjects\Accommodation\BlocksPage.class
pageObjects\Appointments\AddAppointmentBlockPage.class
pageObjects\EventSetup\EventFinancialPage.class
pojo\TaskDetailsData.class
pageObjects\Communication\EventUploadDocumentTemplatePage.class
pageObjects\Communication\EventScheduleEmailPage.class
pageObjects\EventRegistrations\FinancialRefundPage.class
pojo\ECommerceAccount.class
pojo\SubmitterInfo.class
pageObjects\Communication\EventPersonalDocumentPage.class
pageObjects\EventRegistrations\SessionInformationPage.class
pageObjects\Planning\AddDocumentPage.class
pojo\AttendeeTypeData.class
pageObjects\Forms\TravelPage.class
pageObjects\Communication\EventCustomBlockPage.class
pageObjects\Reports\SetupReportPage.class
pageObjects\Travel\TravelConfigurationPage.class
pojo\ContactInformation.class
pageObjects\Sessions\TierPage.class
pageObjects\Planning\AddTaskPage.class
pageObjects\Accommodation\MatchedPage.class
pageObjects\SpeakerPortal\SubmitProposalPage.class
pageObjects\EventWebsites\AddWebsitesPage.class
pageObjects\Agenda\AgendaImportPage.class
pageObjects\Registration\AccountInvoicesPage.class
pageObjects\EventRegistrations\EmailPage.class
pojo\AddAgenda.class
pojo\PrivacyConfigurationData.class
pageObjects\AccountSettings\AccountSettingsPage.class
pageObjects\Communication\EventEmailTemplatePage.class
pojo\FormPreviewRegistrantDetails.class
pageObjects\IFDataIntegration\OutboundFlowsPage.class
pageObjects\Reports\ReportColumnsPage.class
pageObjects\Speaker\SpeakerPage.class
pageObjects\EventRegistrations\DashboardPage.class
pojo\AddFormData.class
pageObjects\CopyExistingEvent.class
pageObjects\Events\EventSetupPage.class
pojo\ImportTravel.class
pojo\SalesForceIntegrationConnection.class
pojo\AddLocationData.class
pageObjects\SpeakerPortal\AddAbstractPage.class
pageObjects\Reports\CustomizeReportColumnsPage.class
pageObjects\Sessions\SessionCatalogPreviewPage.class
pageObjects\Reports\ReportExportPage.class
pageObjects\Sessions\ManageReviewsPage.class
pageObjects\Forms\SessionsListPage.class
pojo\AddDataSource.class
pojo\UserInformation.class
pageObjects\Travel\FlightsTravelPage.class
pageObjects\Management\GeneralLedgerPage.class
pojo\SessionProposalInfo.class
pageObjects\PrivacyComplianceSettingsPage.class
pojo\SpeakerInformation.class
pageObjects\Forms\LogicRulesListPage.class
pageObjects\Forms\SetUpPage.class
pojo\AddReportData.class
pageObjects\Qualifications\ApprovalsPage.class
pageObjects\IFDataIntegration\RetryPage.class
pojo\AddFormQuestionsData.class
pojo\AssistantInfo.class
pojo\AppointmentsColorCodeData.class
pageObjects\Reports\ReportSubtotalsPage.class
pageObjects\EventRegistrations\CreateRegistrationPage.class
pageObjects\Profiles\ProfilesSearchPage.class
pageObjects\PageHelpPage.class
pojo\RestData.class
pageObjects\Sessions\CatalogListAdminPage.class
pojo\MailingAddress.class
pojo\Flight.class
pageObjects\IFDataIntegration\AddDataSourcePage.class
pageObjects\Implementation\PluginsPage.class
pojo\AddSuplierData.class
pageObjects\IFDataIntegration\FlowsPage.class
pojo\AddCustomFieldsData.class
pojo\Address.class
pageObjects\Events\EventListPage.class
pageObjects\Appointments\AppointmentRotationsPage.class
pageObjects\SignalDataIntegration\MetricsPage.class
pojo\AddPlugins.class
pojo\AddInboundFlowData.class
pageObjects\Forms\FormPreviewRegistrantDetailsPage.class
pageObjects\Sessions\ReviewersPage.class
pageObjects\Sessions\SessionCustomFieldsPage.class
pojo\CustomQuestionData.class
pageObjects\EventSetup\EventSuppliersPage.class
pojo\AddActionData.class
pageObjects\Badges\BadgesPage.class
pojo\AppointmentRotationsData.class
pojo\PromoCode.class
pageObjects\Groups\GroupListPage.class
pageObjects\Management\RegistrationStatusesPage.class
pojo\EventAttributes.class
pageObjects\Planning\OverviewPage.class
pageObjects\Reports\CommonReportsPage.class
pojo\AddFormPostData.class
pageObjects\Communication\EventSpeakerEmailTemplatePage.class
pojo\ContactDetails.class
pageObjects\Sessions\CatalogListPage.class
pageObjects\EventConfigure\IntegrationLinksPage.class
pageObjects\TagsPage.class
pageObjects\Locations\AddLocationPage.class
pageObjects\Forms\CustomHTMLListPage.class
pojo\SupplierData.class
pageObjects\AXE.class
pageObjects\EventSetup\DefaultConfirmationPage.class
pageObjects\SpeakerPortal\SpeakerPortalAdminPage.class
pageObjects\Forms\AddSessionsSectionPage.class
pageObjects\ComposeEmailPage.class
pojo\IntegrationLinks.class
pageObjects\SignalDataIntegration\CertainIntegrationsPage.class
pageObjects\Reports\ReportCustomPage.class
pageObjects\Reports\ReportResultsPage.class
pageObjects\Forms\ConfirmPage.class
pageObjects\Badges\OnDemandBadgesPages.class
pageObjects\Planning\TasksListPage.class
pageObjects\Groups\CustomFieldsPage.class
pojo\AddSessionData.class
pojo\RuleData.class
pageObjects\EventSetup\PackagesPage.class
pageObjects\IFDataIntegration\FilterPage.class
dataprovider\EmailParser.class
pageObjects\Agenda\MerchandisePage.class
pageObjects\EventRegistrations\FinancialDiscountPage.class
pageObjects\SpeakerPortal\Pages.class
pageObjects\Forms\FormPreviewVerifyPage.class
pojo\AddJobFunctionData.class
pageObjects\Forms\QuestionsPage.class
pageObjects\EventSetup\EventContactPage.class
pageObjects\Registration\FinancialDataSettingPage.class
pojo\CreateRegistrationData.class
pageObjects\Management\EventDataPage.class
pojo\CreateProfileData.class
pojo\TravelConfigurationData.class
pageObjects\EventSetup\CustomQuestionsPage.class
pageObjects\SpeakerPortal\MyInformationPage.class
pageObjects\Login\LoginPage.class
pageObjects\Communication\EventItineraryDetailsPage.class
pageObjects\Planning\DocumentsListPage.class
pojo\Schedule.class
