C:\Automation\CertainCompleteCoverage\trunk\src\main\java\pageObjects\Locations\LocationsPage.java
C:\Automation\CertainCompleteCoverage\trunk\src\main\java\pageObjects\SpeakerPortal\AddAbstractPage.java
C:\Automation\CertainCompleteCoverage\trunk\src\main\java\pojo\CustomQuestionData.java
C:\Automation\CertainCompleteCoverage\trunk\src\main\java\pageObjects\IFDataIntegration\ConnectionsPage.java
C:\Automation\CertainCompleteCoverage\trunk\src\main\java\pageObjects\Sessions\SessionSetupPage.java
C:\Automation\CertainCompleteCoverage\trunk\src\main\java\pageObjects\EventSetup\TravelQuestionsPage.java
C:\Automation\CertainCompleteCoverage\trunk\src\main\java\pageObjects\Reports\ReportCustomPage.java
C:\Automation\CertainCompleteCoverage\trunk\src\main\java\pageObjects\ReviewerPortal\ReviewerPortalLoginPage.java
C:\Automation\CertainCompleteCoverage\trunk\src\main\java\pageObjects\Management\EventDataPage.java
C:\Automation\CertainCompleteCoverage\trunk\src\main\java\pageObjects\Speaker\SpeakerPage.java
C:\Automation\CertainCompleteCoverage\trunk\src\main\java\pageObjects\EventRegistrations\FinancialAdjustmentPage.java
C:\Automation\CertainCompleteCoverage\trunk\src\main\java\pojo\AppointmentForm.java
C:\Automation\CertainCompleteCoverage\trunk\src\main\java\pojo\FinancialData.java
C:\Automation\CertainCompleteCoverage\trunk\src\main\java\pojo\ShippingInfo.java
C:\Automation\CertainCompleteCoverage\trunk\src\main\java\pageObjects\SpeakerPortal\MyTasksPage.java
C:\Automation\CertainCompleteCoverage\trunk\src\main\java\pageObjects\SignalDataIntegration\FilterPage.java
C:\Automation\CertainCompleteCoverage\trunk\src\main\java\pojo\AddFormLogicRulesPageData.java
C:\Automation\CertainCompleteCoverage\trunk\src\main\java\pageObjects\Accommodation\PendingPage.java
C:\Automation\CertainCompleteCoverage\trunk\src\main\java\pageObjects\EventRegistrations\FinancialPaymentPage.java
C:\Automation\CertainCompleteCoverage\trunk\src\main\java\dataprovider\EmailParser.java
C:\Automation\CertainCompleteCoverage\trunk\src\main\java\pageObjects\Communication\EventItineraryDetailsPage.java
C:\Automation\CertainCompleteCoverage\trunk\src\main\java\pageObjects\EventConfigure\IntegrationLinksPage.java
C:\Automation\CertainCompleteCoverage\trunk\src\main\java\pojo\AddAgenda.java
C:\Automation\CertainCompleteCoverage\trunk\src\main\java\pageObjects\Sessions\SessionJobFunctionsPage.java
C:\Automation\CertainCompleteCoverage\trunk\src\main\java\pageObjects\Communication\EventCustomBlockPage.java
C:\Automation\CertainCompleteCoverage\trunk\src\main\java\pageObjects\Travel\FlightPackagesPage.java
C:\Automation\CertainCompleteCoverage\trunk\src\main\java\pageObjects\Travel\ImportPreBookedFlightPage.java
C:\Automation\CertainCompleteCoverage\trunk\src\main\java\pageObjects\Reports\ReportFiltersPage.java
C:\Automation\CertainCompleteCoverage\trunk\src\main\java\pageObjects\Badges\OnDemandBadgesPages.java
C:\Automation\CertainCompleteCoverage\trunk\src\main\java\pageObjects\Forms\AddFormPage.java
C:\Automation\CertainCompleteCoverage\trunk\src\main\java\pageObjects\EventSetup\EventSuppliersPage.java
C:\Automation\CertainCompleteCoverage\trunk\src\main\java\pojo\ImportTravel.java
C:\Automation\CertainCompleteCoverage\trunk\src\main\java\pojo\AddSuplierData.java
C:\Automation\CertainCompleteCoverage\trunk\src\main\java\pageObjects\Accommodation\RoomTypesPage.java
C:\Automation\CertainCompleteCoverage\trunk\src\main\java\pojo\Metrics.java
C:\Automation\CertainCompleteCoverage\trunk\src\main\java\pageObjects\EventSetup\AttendeeTypePage.java
C:\Automation\CertainCompleteCoverage\trunk\src\main\java\pageObjects\QuickSearchPage.java
C:\Automation\CertainCompleteCoverage\trunk\src\main\java\pageObjects\Forms\FormPreviewVerifyPage.java
C:\Automation\CertainCompleteCoverage\trunk\src\main\java\pageObjects\EventSetup\CustomStatusesPage.java
C:\Automation\CertainCompleteCoverage\trunk\src\main\java\pageObjects\Travel\TravelConfigurationPage.java
C:\Automation\CertainCompleteCoverage\trunk\src\main\java\pageObjects\Sessions\TierPage.java
C:\Automation\CertainCompleteCoverage\trunk\src\main\java\pojo\AddSpeakerData.java
C:\Automation\CertainCompleteCoverage\trunk\src\main\java\pageObjects\EventSetup\DefaultConfirmationPage.java
C:\Automation\CertainCompleteCoverage\trunk\src\main\java\pageObjects\Sessions\SessionImportPage.java
C:\Automation\CertainCompleteCoverage\trunk\src\main\java\pojo\SubmitterInfo.java
C:\Automation\CertainCompleteCoverage\trunk\src\main\java\pojo\CreditCardData.java
C:\Automation\CertainCompleteCoverage\trunk\src\main\java\pageObjects\Accommodation\BlocksPage.java
C:\Automation\CertainCompleteCoverage\trunk\src\main\java\pageObjects\Communication\EventInvoicesPage.java
C:\Automation\CertainCompleteCoverage\trunk\src\main\java\pageObjects\EventRegistrations\AttendeeFinancialPage.java
C:\Automation\CertainCompleteCoverage\trunk\src\main\java\pageObjects\Locations\AddLocationPage.java
C:\Automation\CertainCompleteCoverage\trunk\src\main\java\pageObjects\PageHelpPage.java
C:\Automation\CertainCompleteCoverage\trunk\src\main\java\pojo\AttendeeTypeData.java
C:\Automation\CertainCompleteCoverage\trunk\src\main\java\pojo\AddFormTravelData.java
C:\Automation\CertainCompleteCoverage\trunk\src\main\java\pojo\AddAppointmentBlock.java
C:\Automation\CertainCompleteCoverage\trunk\src\main\java\pageObjects\Implementation\SalesForceIntegrationPage.java
C:\Automation\CertainCompleteCoverage\trunk\src\main\java\pageObjects\Qualifications\RulesPage.java
C:\Automation\CertainCompleteCoverage\trunk\src\main\java\pageObjects\Forms\AddlRegsPage.java
C:\Automation\CertainCompleteCoverage\trunk\src\main\java\pojo\Schedule.java
C:\Automation\CertainCompleteCoverage\trunk\src\main\java\pageObjects\Sessions\SessionIndustriesPage.java
C:\Automation\CertainCompleteCoverage\trunk\src\main\java\pojo\SessionPageFilters.java
C:\Automation\CertainCompleteCoverage\trunk\src\main\java\pageObjects\CommonActionsPage.java
C:\Automation\CertainCompleteCoverage\trunk\src\main\java\pageObjects\EventRegistrations\RegistrationAgendaPage.java
C:\Automation\CertainCompleteCoverage\trunk\src\main\java\pojo\AddLocationData.java
C:\Automation\CertainCompleteCoverage\trunk\src\main\java\pageObjects\Appointments\AppointmentsOverviewPage.java
C:\Automation\CertainCompleteCoverage\trunk\src\main\java\pageObjects\EventRegistrations\FinancialDiscountPage.java
C:\Automation\CertainCompleteCoverage\trunk\src\main\java\pageObjects\Qualifications\ApprovalsPage.java
C:\Automation\CertainCompleteCoverage\trunk\src\main\java\pageObjects\Events\EventDetailsPage.java
C:\Automation\CertainCompleteCoverage\trunk\src\main\java\pageObjects\Travel\FlightsTravelPage.java
C:\Automation\CertainCompleteCoverage\trunk\src\main\java\pageObjects\SpeakerPortal\MySessionsPage.java
C:\Automation\CertainCompleteCoverage\trunk\src\main\java\pageObjects\Forms\AttendeeTypePage.java
C:\Automation\CertainCompleteCoverage\trunk\src\main\java\pojo\AddFormQuestionsData.java
C:\Automation\CertainCompleteCoverage\trunk\src\main\java\pageObjects\Registration\PrintableConfirmationsPage.java
C:\Automation\CertainCompleteCoverage\trunk\src\main\java\pageObjects\EventRegistrations\RegistrationImportPage.java
C:\Automation\CertainCompleteCoverage\trunk\src\main\java\pojo\SectionHeader.java
C:\Automation\CertainCompleteCoverage\trunk\src\main\java\pageObjects\Accommodation\HotelsPage.java
C:\Automation\CertainCompleteCoverage\trunk\src\main\java\pageObjects\Forms\PaymentPage.java
C:\Automation\CertainCompleteCoverage\trunk\src\main\java\pageObjects\Management\AddRolesPage.java
C:\Automation\CertainCompleteCoverage\trunk\src\main\java\pageObjects\Sessions\SessionCustomFieldsPage.java
C:\Automation\CertainCompleteCoverage\trunk\src\main\java\pageObjects\Appointments\AppointmentConfigurationPage.java
C:\Automation\CertainCompleteCoverage\trunk\src\main\java\pojo\AddEventContactData.java
C:\Automation\CertainCompleteCoverage\trunk\src\main\java\pojo\SessionProposalInfo.java
C:\Automation\CertainCompleteCoverage\trunk\src\main\java\pageObjects\Forms\RotationsPage.java
C:\Automation\CertainCompleteCoverage\trunk\src\main\java\pojo\AddReportData.java
C:\Automation\CertainCompleteCoverage\trunk\src\main\java\pageObjects\IFDataIntegration\FilterPage.java
C:\Automation\CertainCompleteCoverage\trunk\src\main\java\pageObjects\Appointments\AppointmentSearchPage.java
C:\Automation\CertainCompleteCoverage\trunk\src\main\java\pageObjects\SpeakerPortal\SpeakerPortalAdminPage.java
C:\Automation\CertainCompleteCoverage\trunk\src\main\java\pageObjects\Groups\CustomFieldsPage.java
C:\Automation\CertainCompleteCoverage\trunk\src\main\java\pojo\AddFormAgendaData.java
C:\Automation\CertainCompleteCoverage\trunk\src\main\java\pojo\CreateProfileData.java
C:\Automation\CertainCompleteCoverage\trunk\src\main\java\pageObjects\Forms\AddSessionsSectionPage.java
C:\Automation\CertainCompleteCoverage\trunk\src\main\java\pageObjects\Groups\GroupListPage.java
C:\Automation\CertainCompleteCoverage\trunk\src\main\java\pageObjects\Forms\EntryPage.java
C:\Automation\CertainCompleteCoverage\trunk\src\main\java\pojo\RetryData.java
C:\Automation\CertainCompleteCoverage\trunk\src\main\java\pageObjects\Travel\ImportTravelPage.java
C:\Automation\CertainCompleteCoverage\trunk\src\main\java\pageObjects\Accommodation\ConfigurePage.java
C:\Automation\CertainCompleteCoverage\trunk\src\main\java\pageObjects\Sessions\AttendeeListPage.java
C:\Automation\CertainCompleteCoverage\trunk\src\main\java\pojo\AddTags.java
C:\Automation\CertainCompleteCoverage\trunk\src\main\java\pojo\AddInboundFlowData.java
C:\Automation\CertainCompleteCoverage\trunk\src\main\java\pageObjects\Communication\EventPrintableConfirmationPage.java
C:\Automation\CertainCompleteCoverage\trunk\src\main\java\pageObjects\FormPost\FormPostHistoryPage.java
C:\Automation\CertainCompleteCoverage\trunk\src\main\java\pageObjects\Forms\FormListPage.java
C:\Automation\CertainCompleteCoverage\trunk\src\main\java\pojo\AddFormData.java
C:\Automation\CertainCompleteCoverage\trunk\src\main\java\pageObjects\Communication\EventPersonalDocumentDetailsPage.java
C:\Automation\CertainCompleteCoverage\trunk\src\main\java\pageObjects\SubAccount\SubAccountsPage.java
C:\Automation\CertainCompleteCoverage\trunk\src\main\java\pageObjects\Sessions\AddNewCustomFields.java
C:\Automation\CertainCompleteCoverage\trunk\src\main\java\pageObjects\Appointments\AppointmentCalendarAssignmentPage.java
C:\Automation\CertainCompleteCoverage\trunk\src\main\java\pageObjects\Implementation\PluginsPage.java
C:\Automation\CertainCompleteCoverage\trunk\src\main\java\pageObjects\Forms\ConfirmPage.java
C:\Automation\CertainCompleteCoverage\trunk\src\main\java\pageObjects\Sessions\AddReviewerPage.java
C:\Automation\CertainCompleteCoverage\trunk\src\main\java\pojo\AddReviewer.java
C:\Automation\CertainCompleteCoverage\trunk\src\main\java\pojo\CustomStatusData.java
C:\Automation\CertainCompleteCoverage\trunk\src\main\java\pageObjects\Reports\ReportSubtotalsPage.java
C:\Automation\CertainCompleteCoverage\trunk\src\main\java\pageObjects\EventRegistrations\CreateRegistrationPage.java
C:\Automation\CertainCompleteCoverage\trunk\src\main\java\pageObjects\Forms\AppointmentsPage.java
C:\Automation\CertainCompleteCoverage\trunk\src\main\java\pojo\SessionFeeStructureData.java
C:\Automation\CertainCompleteCoverage\trunk\src\main\java\pageObjects\Appointments\AppointmentTemplatesPage.java
C:\Automation\CertainCompleteCoverage\trunk\src\main\java\pageObjects\Management\EditSSOConfigPage.java
C:\Automation\CertainCompleteCoverage\trunk\src\main\java\pojo\AddNewRegistrationDataForGroup.java
C:\Automation\CertainCompleteCoverage\trunk\src\main\java\pojo\RuleData.java
C:\Automation\CertainCompleteCoverage\trunk\src\main\java\dataprovider\TestData.java
C:\Automation\CertainCompleteCoverage\trunk\src\main\java\pojo\BillingInfo.java
C:\Automation\CertainCompleteCoverage\trunk\src\main\java\pageObjects\Groups\ReportGroupPage.java
C:\Automation\CertainCompleteCoverage\trunk\src\main\java\pageObjects\Registration\EventCreationPage.java
C:\Automation\CertainCompleteCoverage\trunk\src\main\java\pageObjects\ReviewerPortal\ReviewSessionsPage.java
C:\Automation\CertainCompleteCoverage\trunk\src\main\java\pageObjects\Forms\AgendaPage.java
C:\Automation\CertainCompleteCoverage\trunk\src\main\java\pageObjects\Appointments\AddAppointmentBlockPage.java
C:\Automation\CertainCompleteCoverage\trunk\src\main\java\pageObjects\Accommodation\MatchedPage.java
C:\Automation\CertainCompleteCoverage\trunk\src\main\java\pageObjects\Communication\EventDisplayRuleDetailsPage.java
C:\Automation\CertainCompleteCoverage\trunk\src\main\java\pageObjects\Sessions\SessionReviewsPage.java
C:\Automation\CertainCompleteCoverage\trunk\src\main\java\pageObjects\Sessions\ReviewersPage.java
C:\Automation\CertainCompleteCoverage\trunk\src\main\java\pojo\FeeStructureData.java
C:\Automation\CertainCompleteCoverage\trunk\src\main\java\pageObjects\Events\EventSSOConfigurationPage.java
C:\Automation\CertainCompleteCoverage\trunk\src\main\java\pojo\CustomQuestionDataSelect.java
C:\Automation\CertainCompleteCoverage\trunk\src\main\java\pojo\SupplierData.java
C:\Automation\CertainCompleteCoverage\trunk\src\main\java\pojo\AdditionalInfo.java
C:\Automation\CertainCompleteCoverage\trunk\src\main\java\pageObjects\Accommodation\AccommodationBlockInformationPage.java
C:\Automation\CertainCompleteCoverage\trunk\src\main\java\pojo\AccountSettings.java
C:\Automation\CertainCompleteCoverage\trunk\src\main\java\pageObjects\Appointments\AppointmentPreferencesFormPage.java
C:\Automation\CertainCompleteCoverage\trunk\src\main\java\pageObjects\EventRegistrations\EmailPage.java
C:\Automation\CertainCompleteCoverage\trunk\src\main\java\pageObjects\Communication\EventPersonalDocumentPage.java
C:\Automation\CertainCompleteCoverage\trunk\src\main\java\pageObjects\Reports\ReportHomePage.java
C:\Automation\CertainCompleteCoverage\trunk\src\main\java\pojo\AddIndustryData.java
C:\Automation\CertainCompleteCoverage\trunk\src\main\java\pageObjects\Communication\EventSpeakerEmailTemplateDetailsPage.java
C:\Automation\CertainCompleteCoverage\trunk\src\main\java\pageObjects\EventRegistrations\SessionInformationPage.java
C:\Automation\CertainCompleteCoverage\trunk\src\main\java\pojo\FormPreviewRegistrantDetails.java
C:\Automation\CertainCompleteCoverage\trunk\src\main\java\pojo\PrivacyConfigurationData.java
C:\Automation\CertainCompleteCoverage\trunk\src\main\java\pageObjects\Reports\CommonReportsPage.java
C:\Automation\CertainCompleteCoverage\trunk\src\main\java\pageObjects\Communication\EventInvoicesDetailsPage.java
C:\Automation\CertainCompleteCoverage\trunk\src\main\java\pageObjects\EventSetup\ConnectorsPage.java
C:\Automation\CertainCompleteCoverage\trunk\src\main\java\pojo\AddSessionData.java
C:\Automation\CertainCompleteCoverage\trunk\src\main\java\pageObjects\Sessions\SessionCatalogAdminPage.java
C:\Automation\CertainCompleteCoverage\trunk\src\main\java\pojo\AppointmentTemplateDetails.java
C:\Automation\CertainCompleteCoverage\trunk\src\main\java\pageObjects\Login\DashboardPage.java
C:\Automation\CertainCompleteCoverage\trunk\src\main\java\pojo\GroupCustomFieldData.java
C:\Automation\CertainCompleteCoverage\trunk\src\main\java\pageObjects\Mobile\DesignPage.java
C:\Automation\CertainCompleteCoverage\trunk\src\main\java\pageObjects\Forms\AgendaListPage.java
C:\Automation\CertainCompleteCoverage\trunk\src\main\java\pojo\AddJobFunctionData.java
C:\Automation\CertainCompleteCoverage\trunk\src\main\java\pageObjects\Communication\EventCustomBlockDetailsPage.java
C:\Automation\CertainCompleteCoverage\trunk\src\main\java\pojo\AppointmentTemplate.java
C:\Automation\CertainCompleteCoverage\trunk\src\main\java\pojo\AddFlowData.java
C:\Automation\CertainCompleteCoverage\trunk\src\main\java\pageObjects\Forms\AccommodationsPage.java
C:\Automation\CertainCompleteCoverage\trunk\src\main\java\pojo\AddBarcodes.java
C:\Automation\CertainCompleteCoverage\trunk\src\main\java\pageObjects\Registration\CustomProfileDataPage.java
C:\Automation\CertainCompleteCoverage\trunk\src\main\java\pageObjects\Sessions\SessionsListPage.java
C:\Automation\CertainCompleteCoverage\trunk\src\main\java\pojo\AddRolesData.java
C:\Automation\CertainCompleteCoverage\trunk\src\main\java\pageObjects\Reports\ReportPage.java
C:\Automation\CertainCompleteCoverage\trunk\src\main\java\pageObjects\PromoCode\PromoCodePage.java
C:\Automation\CertainCompleteCoverage\trunk\src\main\java\pageObjects\Forms\FormPreviewRegistrantDetailsPage.java
C:\Automation\CertainCompleteCoverage\trunk\src\main\java\pageObjects\Communication\EventEmailTemplateDetailsPage.java
C:\Automation\CertainCompleteCoverage\trunk\src\main\java\pageObjects\IFDataIntegration\AddDataSourcePage.java
C:\Automation\CertainCompleteCoverage\trunk\src\main\java\pojo\ExportAgenda.java
C:\Automation\CertainCompleteCoverage\trunk\src\main\java\pageObjects\EloquaHomePage.java
C:\Automation\CertainCompleteCoverage\trunk\src\main\java\pageObjects\Registration\FinancialDataSettingPage.java
C:\Automation\CertainCompleteCoverage\trunk\src\main\java\pageObjects\Forms\CustomHTMLListPage.java
C:\Automation\CertainCompleteCoverage\trunk\src\main\java\pageObjects\EventRegistrations\AttendeeProfilePage.java
C:\Automation\CertainCompleteCoverage\trunk\src\main\java\pageObjects\Planning\AddTaskPage.java
C:\Automation\CertainCompleteCoverage\trunk\src\main\java\pageObjects\Reports\ReportDisplayPage.java
C:\Automation\CertainCompleteCoverage\trunk\src\main\java\pojo\AddFormCustomHTMLData.java
C:\Automation\CertainCompleteCoverage\trunk\src\main\java\pageObjects\Appointments\AppointmentSearchPreferencesPage.java
C:\Automation\CertainCompleteCoverage\trunk\src\main\java\pageObjects\PrivacyComplianceSettingsPage.java
C:\Automation\CertainCompleteCoverage\trunk\src\main\java\pojo\LinkedInAppMappings.java
C:\Automation\CertainCompleteCoverage\trunk\src\main\java\pojo\RestData.java
C:\Automation\CertainCompleteCoverage\trunk\src\main\java\pageObjects\Management\TagsPage.java
C:\Automation\CertainCompleteCoverage\trunk\src\main\java\pageObjects\EventRegistrations\FinancialRefundPage.java
C:\Automation\CertainCompleteCoverage\trunk\src\main\java\pageObjects\Communication\EventPrintableConfirmationDetailsPage.java
C:\Automation\CertainCompleteCoverage\trunk\src\main\java\pageObjects\IFDataIntegration\FlowsPage.java
C:\Automation\CertainCompleteCoverage\trunk\src\main\java\pageObjects\Implementation\ProductsPage.java
C:\Automation\CertainCompleteCoverage\trunk\src\main\java\pageObjects\Registration\RegistrationOverviewPage.java
C:\Automation\CertainCompleteCoverage\trunk\src\main\java\pojo\Event.java
C:\Automation\CertainCompleteCoverage\trunk\src\main\java\pojo\IntegrationLinks.java
C:\Automation\CertainCompleteCoverage\trunk\src\main\java\pageObjects\Reports\ReportResultsPage.java
C:\Automation\CertainCompleteCoverage\trunk\src\main\java\pageObjects\SpeakerPortal\Pages.java
C:\Automation\CertainCompleteCoverage\trunk\src\main\java\pojo\ReportDisplayFormat.java
C:\Automation\CertainCompleteCoverage\trunk\src\main\java\pageObjects\Events\EventDashboardPage.java
C:\Automation\CertainCompleteCoverage\trunk\src\main\java\pageObjects\Forms\SessionsListPage.java
C:\Automation\CertainCompleteCoverage\trunk\src\main\java\pojo\DocumentDetailsData.java
C:\Automation\CertainCompleteCoverage\trunk\src\main\java\pojo\ReportPrintSettings.java
C:\Automation\CertainCompleteCoverage\trunk\src\main\java\pageObjects\ComposeEmailPage.java
C:\Automation\CertainCompleteCoverage\trunk\src\main\java\pageObjects\TagsPage.java
C:\Automation\CertainCompleteCoverage\trunk\src\main\java\pageObjects\Management\IndustriesPage.java
C:\Automation\CertainCompleteCoverage\trunk\src\main\java\pageObjects\Mobile\BasicSettingsPage.java
C:\Automation\CertainCompleteCoverage\trunk\src\main\java\pageObjects\IFDataIntegration\MetricsPage.java
C:\Automation\CertainCompleteCoverage\trunk\src\main\java\pageObjects\Forms\FormPreviewHomePage.java
C:\Automation\CertainCompleteCoverage\trunk\src\main\java\pojo\AddCustomFieldsData.java
C:\Automation\CertainCompleteCoverage\trunk\src\main\java\pageObjects\Forms\FormPreviewPaymentPage.java
C:\Automation\CertainCompleteCoverage\trunk\src\main\java\pageObjects\Mobile\AddNewListPage.java
C:\Automation\CertainCompleteCoverage\trunk\src\main\java\pageObjects\Sessions\CatalogListPage.java
C:\Automation\CertainCompleteCoverage\trunk\src\main\java\pojo\EventQuestionData.java
C:\Automation\CertainCompleteCoverage\trunk\src\main\java\pageObjects\Groups\AssignGroupsPage.java
C:\Automation\CertainCompleteCoverage\trunk\src\main\java\pageObjects\SignalDataIntegration\OutboundFlowsListPage.java
C:\Automation\CertainCompleteCoverage\trunk\src\main\java\pageObjects\EventSetup\CustomQuestionsPage.java
C:\Automation\CertainCompleteCoverage\trunk\src\main\java\pojo\ContactDetails.java
C:\Automation\CertainCompleteCoverage\trunk\src\main\java\pageObjects\Communication\EventSpeakerEmailTemplatePage.java
C:\Automation\CertainCompleteCoverage\trunk\src\main\java\pojo\AccommodationBlockInformation.java
C:\Automation\CertainCompleteCoverage\trunk\src\main\java\pojo\AddPackageData.java
C:\Automation\CertainCompleteCoverage\trunk\src\main\java\pageObjects\Sessions\SessionLayoutPage.java
C:\Automation\CertainCompleteCoverage\trunk\src\main\java\pageObjects\Agenda\ScheduledPage.java
C:\Automation\CertainCompleteCoverage\trunk\src\main\java\pageObjects\Implementation\APIPage.java
C:\Automation\CertainCompleteCoverage\trunk\src\main\java\pageObjects\Agenda\AddAgendaPage.java
C:\Automation\CertainCompleteCoverage\trunk\src\main\java\pageObjects\Mobile\TestAppPage.java
C:\Automation\CertainCompleteCoverage\trunk\src\main\java\pojo\AddIFTestCaseDetails.java
C:\Automation\CertainCompleteCoverage\trunk\src\main\java\pojo\GroupDetailsData.java
C:\Automation\CertainCompleteCoverage\trunk\src\main\java\pageObjects\Reports\ReportGroupsPage.java
C:\Automation\CertainCompleteCoverage\trunk\src\main\java\pageObjects\Communication\EventScheduleEmailPage.java
C:\Automation\CertainCompleteCoverage\trunk\src\main\java\pageObjects\EventRegistrations\RegistrationAccommodationPage.java
C:\Automation\CertainCompleteCoverage\trunk\src\main\java\pageObjects\Forms\RegistrantDetailsPage.java
C:\Automation\CertainCompleteCoverage\trunk\src\main\java\pageObjects\Sessions\CatalogListAdminPage.java
C:\Automation\CertainCompleteCoverage\trunk\src\main\java\pojo\ApprovalStatus.java
C:\Automation\CertainCompleteCoverage\trunk\src\main\java\pageObjects\EventRegistrations\AttendeeOverviewPage.java
C:\Automation\CertainCompleteCoverage\trunk\src\main\java\pageObjects\Management\JobFunctionsPage.java
C:\Automation\CertainCompleteCoverage\trunk\src\main\java\pageObjects\SignalDataIntegration\MetricsPage.java
C:\Automation\CertainCompleteCoverage\trunk\src\main\java\pageObjects\Reports\ReportExportPage.java
C:\Automation\CertainCompleteCoverage\trunk\src\main\java\pageObjects\Badges\BarcodesPage.java
C:\Automation\CertainCompleteCoverage\trunk\src\main\java\pageObjects\Implementation\PrivacyCompliancePage.java
C:\Automation\CertainCompleteCoverage\trunk\src\main\java\pojo\UserInformation.java
C:\Automation\CertainCompleteCoverage\trunk\src\main\java\pageObjects\IFDataIntegration\OutboundFlowsPage.java
C:\Automation\CertainCompleteCoverage\trunk\src\main\java\pojo\Flight.java
C:\Automation\CertainCompleteCoverage\trunk\src\main\java\pojo\MailingAddress.java
C:\Automation\CertainCompleteCoverage\trunk\src\main\java\pageObjects\Accommodation\RoommatesPage.java
C:\Automation\CertainCompleteCoverage\trunk\src\main\java\pageObjects\IFDataIntegration\AddInboundFlowsPage.java
C:\Automation\CertainCompleteCoverage\trunk\src\main\java\pageObjects\Management\GeneralLedgerPage.java
C:\Automation\CertainCompleteCoverage\trunk\src\main\java\pageObjects\AccountSettings\AccountSettingsPage.java
C:\Automation\CertainCompleteCoverage\trunk\src\main\java\pojo\AppointmentRotationsData.java
C:\Automation\CertainCompleteCoverage\trunk\src\main\java\pojo\GeneralColorCodeData.java
C:\Automation\CertainCompleteCoverage\trunk\src\main\java\pageObjects\Accommodation\ImportPage.java
C:\Automation\CertainCompleteCoverage\trunk\src\main\java\pageObjects\Communication\EventEmailTemplatePage.java
C:\Automation\CertainCompleteCoverage\trunk\src\main\java\pageObjects\Groups\AddGroupPage.java
C:\Automation\CertainCompleteCoverage\trunk\src\main\java\pageObjects\EventSetup\EventOverviewPage.java
C:\Automation\CertainCompleteCoverage\trunk\src\main\java\pageObjects\Planning\AddDocumentPage.java
C:\Automation\CertainCompleteCoverage\trunk\src\main\java\pageObjects\Events\EventSetupPage.java
C:\Automation\CertainCompleteCoverage\trunk\src\main\java\pageObjects\Registration\AccountInvoicesPage.java
C:\Automation\CertainCompleteCoverage\trunk\src\main\java\pojo\AddPlugins.java
C:\Automation\CertainCompleteCoverage\trunk\src\main\java\pageObjects\Registration\DataFormatPage.java
C:\Automation\CertainCompleteCoverage\trunk\src\main\java\pageObjects\SpeakerPortal\SpeakerPortalLoginPage.java
C:\Automation\CertainCompleteCoverage\trunk\src\main\java\pageObjects\Communication\EventUploadDocumentTemplatesDetailsPage.java
C:\Automation\CertainCompleteCoverage\trunk\src\main\java\pageObjects\User\UserInformationPage.java
C:\Automation\CertainCompleteCoverage\trunk\src\main\java\pageObjects\Events\EventListPage.java
C:\Automation\CertainCompleteCoverage\trunk\src\main\java\pojo\FlightInventory.java
C:\Automation\CertainCompleteCoverage\trunk\src\main\java\pageObjects\Reports\ReportColumnsPage.java
C:\Automation\CertainCompleteCoverage\trunk\src\main\java\pojo\ECommerceAccount.java
C:\Automation\CertainCompleteCoverage\trunk\src\main\java\pageObjects\SpeakerPortal\MyInformationPage.java
C:\Automation\CertainCompleteCoverage\trunk\src\main\java\pojo\AddDestinationData.java
C:\Automation\CertainCompleteCoverage\trunk\src\main\java\pageObjects\TestConnectionLinkedInPage.java
C:\Automation\CertainCompleteCoverage\trunk\src\main\java\pageObjects\Forms\VerifyPage.java
C:\Automation\CertainCompleteCoverage\trunk\src\main\java\pojo\FlightPackageFormDetail.java
C:\Automation\CertainCompleteCoverage\trunk\src\main\java\pojo\TaskDetailsData.java
C:\Automation\CertainCompleteCoverage\trunk\src\main\java\pageObjects\Forms\FormPreviewConfirmPage.java
C:\Automation\CertainCompleteCoverage\trunk\src\main\java\pageObjects\Sessions\SessionCatalogPreviewPage.java
C:\Automation\CertainCompleteCoverage\trunk\src\main\java\pojo\EmailTemplates.java
C:\Automation\CertainCompleteCoverage\trunk\src\main\java\pojo\AddFormEntryPageData.java
C:\Automation\CertainCompleteCoverage\trunk\src\main\java\pojo\ContactInformation.java
C:\Automation\CertainCompleteCoverage\trunk\src\main\java\pojo\AddFormPostData.java
C:\Automation\CertainCompleteCoverage\trunk\src\main\java\pageObjects\Management\OverviewPage.java
C:\Automation\CertainCompleteCoverage\trunk\src\main\java\pageObjects\Accommodation\NoMatchPage.java
C:\Automation\CertainCompleteCoverage\trunk\src\main\java\pojo\AddJobs.java
C:\Automation\CertainCompleteCoverage\trunk\src\main\java\pageObjects\SignalDataIntegration\AddOutboundFlowsPage.java
C:\Automation\CertainCompleteCoverage\trunk\src\main\java\pageObjects\Mobile\ContentPage.java
C:\Automation\CertainCompleteCoverage\trunk\src\main\java\pageObjects\Events\EventOptionsPage.java
C:\Automation\CertainCompleteCoverage\trunk\src\main\java\pageObjects\Planning\TasksListPage.java
C:\Automation\CertainCompleteCoverage\trunk\src\main\java\pageObjects\Accommodation\AccommodationImportPage.java
C:\Automation\CertainCompleteCoverage\trunk\src\main\java\pojo\AddFormAddlRegsPageData.java
C:\Automation\CertainCompleteCoverage\trunk\src\main\java\pojo\RecommendationStatus.java
C:\Automation\CertainCompleteCoverage\trunk\src\main\java\pageObjects\EventSetup\EventContactPage.java
C:\Automation\CertainCompleteCoverage\trunk\src\main\java\pageObjects\Appointments\EditAppointmentTemplatesPage.java
C:\Automation\CertainCompleteCoverage\trunk\src\main\java\pageObjects\Agenda\OtherPage.java
C:\Automation\CertainCompleteCoverage\trunk\src\main\java\pojo\AddConnectionData.java
C:\Automation\CertainCompleteCoverage\trunk\src\main\java\pojo\AddConfig.java
C:\Automation\CertainCompleteCoverage\trunk\src\main\java\pojo\AddFilterData.java
C:\Automation\CertainCompleteCoverage\trunk\src\main\java\pageObjects\Management\SingleSignOnPage.java
C:\Automation\CertainCompleteCoverage\trunk\src\main\java\pageObjects\Implementation\AccountHistoryPage.java
C:\Automation\CertainCompleteCoverage\trunk\src\main\java\pojo\SalesForceIntegrationConnection.java
C:\Automation\CertainCompleteCoverage\trunk\src\main\java\pageObjects\Sessions\ManageReviewsPage.java
C:\Automation\CertainCompleteCoverage\trunk\src\main\java\pageObjects\Sessions\SpeakerCatalogPreviewPage.java
C:\Automation\CertainCompleteCoverage\trunk\src\main\java\pageObjects\EventSetup\PackagesPage.java
C:\Automation\CertainCompleteCoverage\trunk\src\main\java\pageObjects\EventWebsites\AddWebsitesPage.java
C:\Automation\CertainCompleteCoverage\trunk\src\main\java\pageObjects\Implementation\SecuritySettingsPage.java
C:\Automation\CertainCompleteCoverage\trunk\src\main\java\pageObjects\Login\LoginPage.java
C:\Automation\CertainCompleteCoverage\trunk\src\main\java\pojo\CreateRegistrationData.java
C:\Automation\CertainCompleteCoverage\trunk\src\main\java\pageObjects\Forms\AddCustomHTMLSectionPage.java
C:\Automation\CertainCompleteCoverage\trunk\src\main\java\pageObjects\Profiles\CreateProfilePage.java
C:\Automation\CertainCompleteCoverage\trunk\src\main\java\pageObjects\FormPost\FormPostPage.java
C:\Automation\CertainCompleteCoverage\trunk\src\main\java\pageObjects\Reports\CustomizeReportColumnsPage.java
C:\Automation\CertainCompleteCoverage\trunk\src\main\java\pageObjects\EventConfigure\EventSalesforcePage.java
C:\Automation\CertainCompleteCoverage\trunk\src\main\java\pageObjects\Sessions\SpeakerCatalogAdminPage.java
C:\Automation\CertainCompleteCoverage\trunk\src\main\java\pageObjects\Agenda\AgendaImportPage.java
C:\Automation\CertainCompleteCoverage\trunk\src\main\java\pageObjects\Forms\QuestionsPage.java
C:\Automation\CertainCompleteCoverage\trunk\src\main\java\pageObjects\Management\RegistrationStatusesPage.java
C:\Automation\CertainCompleteCoverage\trunk\src\main\java\pageObjects\Mobile\MobileHomePage.java
C:\Automation\CertainCompleteCoverage\trunk\src\main\java\pageObjects\AccountSettings\SupplierPage.java
C:\Automation\CertainCompleteCoverage\trunk\src\main\java\pojo\TravelConfigurationData.java
C:\Automation\CertainCompleteCoverage\trunk\src\main\java\pojo\FlightPackage.java
C:\Automation\CertainCompleteCoverage\trunk\src\main\java\pageObjects\Forms\TravelPage.java
C:\Automation\CertainCompleteCoverage\trunk\src\main\java\pojo\AddDestinationDataInbound.java
C:\Automation\CertainCompleteCoverage\trunk\src\main\java\pojo\EventAttributes.java
C:\Automation\CertainCompleteCoverage\trunk\src\main\java\pageObjects\Sessions\ReviewerPortalPage.java
C:\Automation\CertainCompleteCoverage\trunk\src\main\java\pageObjects\Speaker\AddSpeakerPage.java
C:\Automation\CertainCompleteCoverage\trunk\src\main\java\pageObjects\Management\RolesPage.java
C:\Automation\CertainCompleteCoverage\trunk\src\main\java\pojo\RegistrationAgendaData.java
C:\Automation\CertainCompleteCoverage\trunk\src\main\java\pageObjects\Planning\DocumentsListPage.java
C:\Automation\CertainCompleteCoverage\trunk\src\main\java\pojo\CreateBadgeData.java
C:\Automation\CertainCompleteCoverage\trunk\src\main\java\pageObjects\Implementation\ProfileAnonymizationPage.java
C:\Automation\CertainCompleteCoverage\trunk\src\main\java\pojo\Address.java
C:\Automation\CertainCompleteCoverage\trunk\src\main\java\pageObjects\EventWebsites\WebSitesPage.java
C:\Automation\CertainCompleteCoverage\trunk\src\main\java\pageObjects\Appointments\AppointmentSearchCalendarPage.java
C:\Automation\CertainCompleteCoverage\trunk\src\main\java\pojo\AssistantInfo.java
C:\Automation\CertainCompleteCoverage\trunk\src\main\java\pageObjects\Registration\ECommerceAccountDetailsPage.java
C:\Automation\CertainCompleteCoverage\trunk\src\main\java\pojo\AddActionData.java
C:\Automation\CertainCompleteCoverage\trunk\src\main\java\pageObjects\Reports\SetupReportPage.java
C:\Automation\CertainCompleteCoverage\trunk\src\main\java\pageObjects\SignalDataIntegration\FlowsPage.java
C:\Automation\CertainCompleteCoverage\trunk\src\main\java\pageObjects\Sessions\AddCustomFieldsPage.java
C:\Automation\CertainCompleteCoverage\trunk\src\main\java\pojo\HotelData.java
C:\Automation\CertainCompleteCoverage\trunk\src\main\java\pageObjects\SignalDataIntegration\ConnectionsPage.java
C:\Automation\CertainCompleteCoverage\trunk\src\main\java\pageObjects\Badges\BadgesPage.java
C:\Automation\CertainCompleteCoverage\trunk\src\main\java\pojo\AppointmentsColorCodeData.java
C:\Automation\CertainCompleteCoverage\trunk\src\main\java\pojo\RegistrationEmailData.java
C:\Automation\CertainCompleteCoverage\trunk\src\main\java\pojo\AddSessionsFormsData.java
C:\Automation\CertainCompleteCoverage\trunk\src\main\java\pageObjects\Agenda\AgendaPage.java
C:\Automation\CertainCompleteCoverage\trunk\src\main\java\pageObjects\Management\AddSsoConfigPage.java
C:\Automation\CertainCompleteCoverage\trunk\src\main\java\pageObjects\Travel\FlightInventoryPage.java
C:\Automation\CertainCompleteCoverage\trunk\src\main\java\pageObjects\IFDataIntegration\DataSourceList.java
C:\Automation\CertainCompleteCoverage\trunk\src\main\java\pageObjects\Appointments\AppointmentFormPage.java
C:\Automation\CertainCompleteCoverage\trunk\src\main\java\pageObjects\SignalDataIntegration\CertainIntegrationsPage.java
C:\Automation\CertainCompleteCoverage\trunk\src\main\java\pojo\AddDataSource.java
C:\Automation\CertainCompleteCoverage\trunk\src\main\java\pageObjects\IFDataIntegration\ScheduleListPage.java
C:\Automation\CertainCompleteCoverage\trunk\src\main\java\pageObjects\SpeakerPortal\SubmitProposalPage.java
C:\Automation\CertainCompleteCoverage\trunk\src\main\java\pageObjects\Appointments\AppointmentRotationsPage.java
C:\Automation\CertainCompleteCoverage\trunk\src\main\java\pageObjects\Forms\AddFormLogicPage.java
C:\Automation\CertainCompleteCoverage\trunk\src\main\java\pageObjects\Mobile\EditListPage.java
C:\Automation\CertainCompleteCoverage\trunk\src\main\java\pageObjects\Accommodation\SubBlocksPage.java
C:\Automation\CertainCompleteCoverage\trunk\src\main\java\pageObjects\IFDataIntegration\CertainIntegrationsPage.java
C:\Automation\CertainCompleteCoverage\trunk\src\main\java\pojo\AddSessionTypesLevels.java
C:\Automation\CertainCompleteCoverage\trunk\src\main\java\pojo\MobileSettingsData.java
C:\Automation\CertainCompleteCoverage\trunk\src\main\java\pojo\SpeakerInformation.java
C:\Automation\CertainCompleteCoverage\trunk\src\main\java\pageObjects\EventRegistrations\DashboardPage.java
C:\Automation\CertainCompleteCoverage\trunk\src\main\java\pageObjects\Communication\EventDisplayRulePage.java
C:\Automation\CertainCompleteCoverage\trunk\src\main\java\pageObjects\Planning\BudgetPage.java
C:\Automation\CertainCompleteCoverage\trunk\src\main\java\pojo\SubBlockData.java
C:\Automation\CertainCompleteCoverage\trunk\src\main\java\pageObjects\AXE.java
C:\Automation\CertainCompleteCoverage\trunk\src\main\java\pageObjects\IFDataIntegration\RetryPage.java
C:\Automation\CertainCompleteCoverage\trunk\src\main\java\pageObjects\Agenda\FeeAndDiscountPage.java
C:\Automation\CertainCompleteCoverage\trunk\src\main\java\pageObjects\EventSetup\EventFinancialPage.java
C:\Automation\CertainCompleteCoverage\trunk\src\main\java\pageObjects\Profiles\ProfilesSearchPage.java
C:\Automation\CertainCompleteCoverage\trunk\src\main\java\pageObjects\Sessions\AddSession.java
C:\Automation\CertainCompleteCoverage\trunk\src\main\java\pageObjects\Forms\SetUpPage.java
C:\Automation\CertainCompleteCoverage\trunk\src\main\java\pageObjects\Planning\OverviewPage.java
C:\Automation\CertainCompleteCoverage\trunk\src\main\java\pageObjects\Groups\AddRegistrationForGroup.java
C:\Automation\CertainCompleteCoverage\trunk\src\main\java\pageObjects\Agenda\MerchandisePage.java
C:\Automation\CertainCompleteCoverage\trunk\src\main\java\pageObjects\CopyExistingEvent.java
C:\Automation\CertainCompleteCoverage\trunk\src\main\java\pageObjects\Forms\LogicRulesListPage.java
C:\Automation\CertainCompleteCoverage\trunk\src\main\java\pojo\EventEmailTemplate.java
C:\Automation\CertainCompleteCoverage\trunk\src\main\java\pojo\PromoCode.java
C:\Automation\CertainCompleteCoverage\trunk\src\main\java\pageObjects\Communication\EventUploadDocumentTemplatePage.java
C:\Automation\CertainCompleteCoverage\trunk\src\main\java\pojo\AddCustomFieldFilterData.java
